// Jest Snapshot v1, https://goo.gl/fbAQLP

exports[`matches snapshot 1`] = `
<DocumentFragment>
  <header
    class="Header"
  >
    <div
      class="Header__Wrapper"
    >
      <div
        class="Header__Banner"
      >
        <a
          class="Action Action__Appearance--none"
          href="/"
        >
          <svg
            viewBox="0 0 512 512"
            width="65"
          >
            <circle
              cx="399.61"
              cy="57.832"
              fill="#eeeded"
              r="48.46"
            />
            <path
              d="M414.745 83.719c-26.763 0-48.459-21.696-48.459-48.459 0-5.089.789-9.994 2.244-14.602-10.621 8.889-17.381 22.24-17.381 37.174 0 26.763 21.696 48.459 48.459 48.459 21.674 0 40.02-14.23 46.215-33.856-8.414 7.041-19.249 11.284-31.078 11.284z"
              opacity="0.1"
            />
            <circle
              cx="74.5"
              cy="253.86"
              fill="#f7c2ad"
              r="46.861"
            />
            <path
              d="M74.495 284.117c-16.685 0-30.259-13.574-30.259-30.259s13.574-30.259 30.259-30.259 30.26 13.574 30.26 30.259-13.575 30.259-30.26 30.259zm0-45.518c-8.414 0-15.259 6.845-15.259 15.259s6.845 15.259 15.259 15.259 15.26-6.845 15.26-15.259-6.846-15.259-15.26-15.259z"
              fill="#e86478"
              opacity="0.2"
            />
            <path
              d="M74.495 206.997c-3.109 0-6.146.31-9.086.888-3.544 14.747-5.435 30.138-5.435 45.973s1.891 31.225 5.435 45.973c2.94.578 5.977.888 9.086.888 25.881 0 46.861-20.98 46.861-46.861s-20.98-46.861-46.861-46.861z"
              opacity="0.1"
            />
            <circle
              cx="437.5"
              cy="253.86"
              fill="#f7c2ad"
              r="46.861"
            />
            <path
              d="M437.505 284.117c-16.685 0-30.26-13.574-30.26-30.259s13.575-30.259 30.26-30.259 30.259 13.574 30.259 30.259-13.574 30.259-30.259 30.259zm0-45.518c-8.414 0-15.26 6.845-15.26 15.259s6.846 15.259 15.26 15.259 15.259-6.845 15.259-15.259-6.845-15.259-15.259-15.259z"
              fill="#e86478"
              opacity="0.2"
            />
            <path
              d="M437.505 206.997c3.109 0 6.146.31 9.086.888 3.544 14.747 5.435 30.138 5.435 45.973s-1.891 31.225-5.435 45.973c-2.94.578-5.977.888-9.086.888-25.881 0-46.861-20.98-46.861-46.861s20.98-46.861 46.861-46.861z"
              opacity="0.1"
            />
            <circle
              cx="256"
              cy="253.86"
              fill="#f7c2ad"
              r="179.38"
            />
            <g
              fill="#eeeded"
            >
              <path
                d="M256 71.57c-100.675 0-182.288 81.613-182.288 182.288S155.325 436.147 256 436.147s182.289-81.613 182.289-182.289C438.289 153.183 356.675 71.57 256 71.57zm0 334.001c-83.789 0-151.713-67.924-151.713-151.713S172.211 102.145 256 102.145s151.713 67.924 151.713 151.713S339.789 405.571 256 405.571z"
              />
              <path
                d="M367.206 263.551a92.807 92.807 0 00-21.427 1.765c-10.566 2.129-21.613-.557-29.791-7.577-16.12-13.837-37.078-22.199-59.989-22.199s-43.868 8.362-59.989 22.199c-8.178 7.02-19.225 9.706-29.791 7.577a92.807 92.807 0 00-21.427-1.765c-47.51 1.576-86.416 39.691-88.893 87.163-2.772 53.138 39.493 97.092 92.024 97.092 1.197 0 2.388-.023 3.574-.069a23.408 23.408 0 0121.895 12.991C188.458 491.112 219.788 512 256 512s67.542-20.888 82.606-51.272a23.411 23.411 0 0121.895-12.991c1.186.046 2.377.069 3.574.069 52.531 0 94.797-43.955 92.024-97.092-2.477-47.472-41.383-85.588-88.893-87.163z"
              />
            </g>
            <path
              d="M376.897 428.351a94.24 94.24 0 01-3.574-.068 23.408 23.408 0 00-21.895 12.991 92.06 92.06 0 01-7.425 12.392 23.426 23.426 0 0116.497-5.929c1.186.046 2.377.069 3.574.069 36.35 0 67.78-21.05 82.778-51.622-16.9 19.691-41.97 32.167-69.955 32.167zm-108.075 64.195c-36.212 0-67.542-20.888-82.606-51.272a23.411 23.411 0 00-21.895-12.991 94.24 94.24 0 01-3.574.068c-52.531 0-94.797-43.954-92.024-97.092.661-12.665 3.936-24.652 9.254-35.469-12.833 14.952-20.986 34.029-22.076 54.923-2.772 53.137 39.493 97.092 92.024 97.092 1.197 0 2.388-.023 3.574-.069a23.41 23.41 0 0121.895 12.991C188.458 491.112 219.788 512 256 512s67.542-20.888 82.606-51.272c.077-.155.166-.3.245-.453-16.9 19.748-41.998 32.271-70.029 32.271z"
              opacity="0.1"
            />
            <path
              d="M427.72 156.448C427.72 70.044 350.838 0 256 0S84.28 70.044 84.28 156.448h343.44z"
              fill="#e86478"
            />
            <path
              d="M426.867 140.796H116.825c0-54.052 30.088-101.701 75.837-129.806C129.172 33.958 84.28 90.425 84.28 156.448h343.44c0-5.283-.292-10.503-.853-15.652z"
              opacity="0.1"
            />
            <path
              d="M393.859 134.59H118.141a182.084 182.084 0 00-34.534 59.903c1.602.263 3.244.406 4.921.406h334.946c1.676 0 3.319-.143 4.921-.406a182.107 182.107 0 00-34.536-59.903z"
              opacity="0.1"
            />
            <path
              d="M423.473 179.818H88.527c-16.654 0-30.155-13.501-30.155-30.155 0-16.654 13.501-30.155 30.155-30.155h334.946c16.654 0 30.155 13.501 30.155 30.155 0 16.654-13.501 30.155-30.155 30.155z"
              fill="#eeeded"
            />
            <path
              d="M437.436 165.806H102.489c-16.654 0-30.155-13.501-30.155-30.155 0-4.696 1.074-9.14 2.989-13.103-10.036 4.896-16.951 15.196-16.951 27.114 0 16.654 13.501 30.155 30.155 30.155h334.946c11.958 0 22.29-6.961 27.166-17.052a30.022 30.022 0 01-13.203 3.041z"
              opacity="0.1"
            />
            <path
              d="M177.248 227.982a7.5 7.5 0 01-7.5-7.5V207.41a7.5 7.5 0 0115 0v13.073a7.5 7.5 0 01-7.5 7.499zm157.504 0a7.5 7.5 0 01-7.5-7.5V207.41a7.5 7.5 0 0115 0v13.073a7.5 7.5 0 01-7.5 7.499zM256 294.747a35.036 35.036 0 01-26.417-12.032 7.5 7.5 0 0111.308-9.855c3.814 4.376 9.321 6.886 15.108 6.886s11.294-2.51 15.108-6.886a7.5 7.5 0 0111.309 9.855A35.036 35.036 0 01256 294.747z"
              fill="#485458"
            />
          </svg>
        </a>
        <div
          class="Header__Text"
        >
          <a
            class="Action Action__Appearance--none"
            href="/"
          >
            <p
              class="Text Text__banner"
            >
              Santa Picker
            </p>
          </a>
        </div>
      </div>
      <div
        class="Header__Authentication"
      >
        <button
          class="Action Action__Appearance--none"
          type="button"
        >
          <svg
            viewBox="0 0 512 512"
            width="35"
          >
            <path
              d="M218.668 240H16c-8.832 0-16-7.168-16-16s7.168-16 16-16h202.668c8.832 0 16 7.168 16 16s-7.168 16-16 16zm0 0"
              data-original="#000000"
              fill="#fff"
              xmlns="http://www.w3.org/2000/svg"
            />
            <path
              d="M138.668 320a15.89 15.89 0 01-11.309-4.691c-6.25-6.254-6.25-16.387 0-22.637l68.696-68.692-68.696-68.671c-6.25-6.254-6.25-16.387 0-22.637s16.383-6.25 22.637 0l80 80c6.25 6.25 6.25 16.383 0 22.637l-80 80A15.975 15.975 0 01138.668 320zm202.664 192c-23.531 0-42.664-19.137-42.664-42.668v-384c0-18.238 11.605-34.516 28.883-40.512L455.723 2.09C484.395-6.7 512 14.57 512 42.668v384c0 18.219-11.605 34.473-28.863 40.488L354.922 509.91c-4.672 1.45-9 2.09-13.59 2.09zm128-480c-1.387 0-2.559.172-3.816.555L337.879 75.113c-4.184 1.453-7.211 5.676-7.211 10.219v384c0 7.277 7.89 12.184 14.484 10.113l127.637-42.558c4.16-1.453 7.211-5.676 7.211-10.219v-384C480 36.801 475.223 32 469.332 32zm0 0"
              data-original="#000000"
              fill="#fff"
              xmlns="http://www.w3.org/2000/svg"
            />
            <path
              d="M186.668 106.668c-8.832 0-16-7.168-16-16v-32c0-32.363 26.3-58.668 58.664-58.668h240c8.832 0 16 7.168 16 16s-7.168 16-16 16h-240c-14.7 0-26.664 11.969-26.664 26.668v32c0 8.832-7.168 16-16 16zm128 341.332h-85.336c-32.363 0-58.664-26.305-58.664-58.668v-32c0-8.832 7.168-16 16-16s16 7.168 16 16v32c0 14.7 11.965 26.668 26.664 26.668h85.336c8.832 0 16 7.168 16 16s-7.168 16-16 16zm0 0"
              data-original="#000000"
              fill="#fff"
              xmlns="http://www.w3.org/2000/svg"
            />
          </svg>
        </button>
      </div>
    </div>
  </header>
</DocumentFragment>
`;
