// Jest Snapshot v1, https://goo.gl/fbAQLP

exports[`matches snapshot 1`] = `
<DocumentFragment>
  <div
    class="PrivacyPage"
  >
    <div
      class="PageWrapper"
    >
      <div
        style="box-sizing: border-box; position: relative; margin-left: auto; margin-right: auto; padding-left: 15px; padding-right: 15px;"
      >
        <div
          style="margin-left: -15px; margin-right: -15px; display: flex; flex-wrap: wrap; flex-grow: 0; flex-shrink: 0; align-items: normal; justify-content: flex-start;"
        >
          <div
            style="box-sizing: border-box; min-height: 1px; position: relative; padding-left: 15px; padding-right: 15px; width: 66.66666666666667%; flex-basis: 66.66666666666667%; flex-grow: 0; flex-shrink: 0; max-width: 66.66666666666667%; margin-left: 0%;"
          >
            <div
              class="PrivacyPage__Title"
            >
              <h1
                class="Text Text__h1"
              >
                Privacy Policy
              </h1>
            </div>
            <div
              class="PrivacyPage__Text"
            >
              <p
                class="Text Text__p"
              >
                Version: September 10, 2020
              </p>
            </div>
            <div
              class="PrivacyPage__Text"
            >
              <p
                class="Text Text__p"
              >
                Santa Picker is a personal project created primarly as a learning exercise.
              </p>
            </div>
            <div
              class="PrivacyPage__Subtitle"
            >
              <h2
                class="Text Text__h5"
              >
                How is personal data used?
              </h2>
            </div>
            <div
              class="PrivacyPage__Text"
            >
              <p
                class="Text Text__p"
              >
                A limited amount of personal data is processed solely in order to perform the function of picking secret santa names and informing participants of the results.
              </p>
            </div>
            <div
              class="PrivacyPage__Text"
            >
              <p
                class="Text Text__p"
              >
                Your data is not provided to third parties such as advertisers.
              </p>
            </div>
            <div
              class="PrivacyPage__Subtitle"
            >
              <h2
                class="Text Text__h5"
              >
                What personal data is stored?
              </h2>
            </div>
            <div
              class="PrivacyPage__Text"
            >
              <p
                class="Text Text__p"
              >
                In order to use the name picking service, you are required to sign up by providing an email address or using a Google account. This email address is stored securely on the Auth0 platform and is used solely for the purpose of signing in to the site. You will not be sent emails beyond the emails which deliver name picking results.
              </p>
            </div>
            <div
              class="PrivacyPage__Text"
            >
              <p
                class="Text Text__p"
              >
                No other personal data is stored.
              </p>
            </div>
          </div>
        </div>
        <span
          style="display: table; clear: both;"
        />
      </div>
    </div>
  </div>
</DocumentFragment>
`;
