// Jest Snapshot v1, https://goo.gl/fbAQLP

exports[`matches snapshot 1`] = `
<DocumentFragment>
  <div
    class="ErrorPage"
  >
    <div
      class="PageWrapper"
    >
      <div
        style="box-sizing: border-box; position: relative; margin-left: auto; margin-right: auto; padding-left: 15px; padding-right: 15px;"
      >
        <div
          style="margin-left: -15px; margin-right: -15px; display: flex; flex-wrap: wrap; flex-grow: 0; flex-shrink: 0; align-items: normal; justify-content: flex-start;"
        >
          <div
            style="box-sizing: border-box; min-height: 1px; position: relative; padding-left: 15px; padding-right: 15px; width: 50%; flex-basis: 50%; flex-grow: 0; flex-shrink: 0; max-width: 50%; margin-left: 0%;"
          >
            <div
              class="ErrorPage__StrapLine"
            >
              <h1
                class="Text Text__h6"
              >
                Oops!
              </h1>
            </div>
            <ul
              class="ErrorPage__BlurbTextList"
            >
              <li
                class="ErrorPage__BlurbTextListItem"
              >
                <p
                  class="Text Text__h5"
                >
                  Santa got stuck along the way and wasn't able to deliver the emails
                </p>
              </li>
              <li
                class="ErrorPage__BlurbTextListItem"
              >
                <p
                  class="Text Text__h5"
                >
                  There's a good chance he's already used up his email quota
                </p>
              </li>
              <li
                class="ErrorPage__BlurbTextListItem"
              >
                <p
                  class="Text Text__h5"
                >
                  Please try again
                </p>
              </li>
            </ul>
            <div
              class="ErrorPage__CTA"
            >
              <a
                class="Action Action__Appearance--button-secondary"
                href="/"
              >
                Home
              </a>
            </div>
          </div>
          <div
            style="box-sizing: border-box; min-height: 1px; position: relative; padding-left: 15px; padding-right: 15px; width: 41.66666666666667%; flex-basis: 41.66666666666667%; flex-grow: 0; flex-shrink: 0; max-width: 41.66666666666667%; margin-left: 8.333333333333334%;"
          >
            <div
              class="ErrorPage__Image"
            >
              <img
                alt="Sleigh"
                src="chimneySanta.png"
                width="80%"
              />
            </div>
          </div>
        </div>
        <span
          style="display: table; clear: both;"
        />
      </div>
    </div>
  </div>
</DocumentFragment>
`;
